;UUUUUUUUUUUUUUUUUUUUUUUUUUUUUUUUUUUUUUUUUUUUUUUUUUUUUUUUUUUUUUUUUUUUUUUUUUUU
;UU                                                                        UU
;UU  Miles Design Audio Interface Library                                  UU
;UU                                                                        UU
;UU  Sound driver installation message file                                UU
;UU                                                                        UU
;UU  Default selection criteria/examples:                                  UU
;UU                                                                        UU
;UU    .E BLASTER ........ Environment var 'BLASTER' must be present       UU
;UU    .C MVSOUND ........ CONFIG.SYS must contain 'MVSOUND' string        UU
;UU    .A AWEUTIL ........ AUTOEXEC.BAT must contain 'AWEUTIL' string      UU
;UU                                                                        UU
;UU    .NE BLASTER ....... Environment var 'BLASTER' must NOT be present   UU
;UU    .NC MVSOUND ....... CONFIG.SYS must NOT contain 'MVSOUND' string    UU
;UU    .NA AWEUTIL ....... AUTOEXEC.BAT must NOT contain 'AWEUTIL' string  UU
;UU    .ND  .............. Entry cannot be selected as default             UU
;UU                                                                        UU
;UU    .T1  .............. Optional BLASTER Tn, if present, must be 1|3    UU
;UU    .T2  .............. Mandatory BLASTER Tn must be 2|4|5              UU
;UU    .T3  .............. Mandatory BLASTER Tn must be >=6                UU
;UU                                                                        UU
;UU  I/O default derivation:                                               UU
;UU                                                                        UU
;UU    .IOB .............. Derive I/O defaults from BLASTER variable       UU
;UU    .IOD .............. I/O defaults = first driver default entry       UU
;UU    .ION .............. Do not allow manual I/O configuration at all    UU
;UU                                                                        UU
;UU    .IOA .............. Use I/O address only (must appear at end)       UU
;UU    .IOL .............. Suppress high-DMA prompt (must appear at end)   UU
;UU                                                                        UU
;UUUUUUUUUUUUUUUUUUUUUUUUUUUUUUUUUUUUUUUUUUUUUUUUUUUUUUUUUUUUUUUUUUUUUUUUUUUU

[sblaster.dig]

;
;Selected by default if BLASTER variable is of type T1 or T3 (or no T 
;specifier), and no other "clone" variable exists (ULTRASND, MVSOUND, etc.)
;
;Default I/O parms from BLASTER
;

.E BLASTER
.T1
.NE ULTRASND
.NE SNDSCAPE
.NC MVSOUND.SYS
.IOB
.IOL

.SPECIAL_TEXT
W,hlen Sie diesen Treiber zum Gebrauch mit Ihrer SoundBlaster-, Sound
Galaxy-, Thunderboard- oder Pro-Audio-Spectrum-Karte. Andere Karten, die
nicht direkt unterst?tzt werden, k"nnen unter Umst,nden auch mit diesem 
Treiber funktionieren, vorausgesetzt, sie sind kompatibel zur SoundBlaster-
Hardware ohne Emulationstreiber oder TSRs.
.END_SPECIAL_TEXT

;UUUUUUUUUUUUUUUUUUUUUUUUUUUUUUUUUUUUUUUUUUUUUUUUUUUUUUUUUUUUUUUUUUUUUUUUUUUU

[sbpro.dig]

;
;Selected by default if BLASTER variable is of type T2, T4, or T5
;and no other "clone" variable exists
;
;Default I/O parms from BLASTER
;

.E BLASTER
.T2
.NE ULTRASND
.NE SNDSCAPE
.NC MVSOUND.SYS
.IOB
.IOL

.SPECIAL_TEXT
Dieser Treiber unterst?tzt alle Versionen des SoundBlaster Pro und 100%
kompatible Karten. Er wird nicht zum Gebrauch mit SoundBlaster 16 oder 
AWE32 empfohlen.
.END_SPECIAL_TEXT

;UUUUUUUUUUUUUUUUUUUUUUUUUUUUUUUUUUUUUUUUUUUUUUUUUUUUUUUUUUUUUUUUUUUUUUUUUUUU

[sb16.dig]

;
;Selected by default if BLASTER variable is of type T6
;
;Default I/O parms from BLASTER (I/O address only)
;

.E BLASTER
.T3
.NE ULTRASND
.NE SNDSCAPE
.NC MVSOUND.SYS
.IOB
.IOA

.SPECIAL_TEXT
Um qualitativ hochwertigen Sound mit Ihrem SoundBlaster 16 oder AWE32 
zu h"ren, w,hlen Sie diesen Treiber.
.END_SPECIAL_TEXT

;UUUUUUUUUUUUUUUUUUUUUUUUUUUUUUUUUUUUUUUUUUUUUUUUUUUUUUUUUUUUUUUUUUUUUUUUUUUU

[rap10.dig]

;
;Never selected by default
;
;Default I/O parms from driver
;

.ND
.IOD

.HIGH_DMA_PAIRS

.SPECIAL_TEXT
WARNUNG: W,hrend der automatischen Suche Ihrer Roland-RAP-10-Karte stellt
der Treiber sicher, da  die RAP-10-Karte eine I/O-Adresse von 320H oder 330H hat.  
Er wird NICHT den DMA-Kanal oder die IRQ-Einstellung Ihrer Karte ?berpr?fen. 
Wenn Ihre RAP-10-Karte nicht f?r IRQ 9 konfiguriert ist oder die DMA-Kan,le 5 und 6 
bereits von einer anderen Karte Ihres Systems benutzt werden, MsSSEN Sie die 
Option "Automatische Suche abbrechen und Treiber manuell konfigurieren" aus dem 
n,chsten Men? w,hlen und die korrekten I/O-Einstellungen f?r Ihre Karte eingeben.  
Sonst k"nnte Ihr System abst?rzen, oder es k"nnte ein Knattern bei der Sound- 
Wiedergabe zu h"ren sein.
.END_SPECIAL_TEXT

;UUUUUUUUUUUUUUUUUUUUUUUUUUUUUUUUUUUUUUUUUUUUUUUUUUUUUUUUUUUUUUUUUUUUUUUUUUUU

[proaudio.dig]

;
;Selected by default if CONFIG.SYS contains MVSOUND string
;
;No configuration allowed
;

.C MVSOUND.SYS
.ION

.SPECIAL_TEXT
Ein digitaler Stereo-Sound mit allen Versionen des Media Vision Pro Audio 
Spectrum ist durch den Gebrauch dieses Treibers erh,ltlich. Sollten
Probleme auftreten, sollten Sie statt dessen einen SoundBlaster-kompatiblen
Treiber w,hlen. Das Media-Vision-Utility MVSOUND.SYS mu  in den Speicher  
geladen werden, da Ihre Karte sonst nicht erkannt werden kann.
.END_SPECIAL_TEXT

;UUUUUUUUUUUUUUUUUUUUUUUUUUUUUUUUUUUUUUUUUUUUUUUUUUUUUUUUUUUUUUUUUUUUUUUUUUUU

[ultra.dig]

;
;Selected by default if environment contains ULTRASND variable
;
;Default I/O parms from driver
;

.E ULTRASND
.IOD

.SPECIAL_TEXT
Wenn Sie mit diesem Treiber arbeiten, stellen Sie sicher, da  keine  
Gravis-Utilities, wie z.B. UltraMID oder Mega-Em, aktiv sind. Ihre 
UltraSound-System-Software sollte mindestens Version 2.0 sein.
.END_SPECIAL_TEXT

;UUUUUUUUUUUUUUUUUUUUUUUUUUUUUUUUUUUUUUUUUUUUUUUUUUUUUUUUUUUUUUUUUUUUUUUUUUUU

[jammer.dig]

;
;Never selected by default
;
;Default I/O parms from driver
;

.ND
.IOD

.NAME
New Media Corporation WaveJammer(TM) Digital Audio

.SPECIAL_TEXT
Die WaveJammer-Karte der New Media Corporation liefert einen qualitativ   
hochwertigen Portable-Sound f?r auf PCMCIA basierende Computer. W,hlen Sie den 
Ad-Lib(R)-Musik-Synthesizer-Karten-Treiber f?r FM-Musik-Leistung mit dem WaveJammer.
.END_SPECIAL_TEXT

;UUUUUUUUUUUUUUUUUUUUUUUUUUUUUUUUUUUUUUUUUUUUUUUUUUUUUUUUUUUUUUUUUUUUUUUUUUUU

[sndscape.dig]

;
;Selected by default if environment contains SNDSCAPE variable
;
;Default I/O parms from driver
;

.E SNDSCAPE
.IOD

.NAME
Ensoniq SoundScape(TM) Digital Audio

.SPECIAL_TEXT
W,hlen Sie diesen Treiber, wenn Sie eine Ensoniq-SoundScape(TM)-
oder kompatible Soundkarte haben.
.END_SPECIAL_TEXT

;UUUUUUUUUUUUUUUUUUUUUUUUUUUUUUUUUUUUUUUUUUUUUUUUUUUUUUUUUUUUUUUUUUUUUUUUUUUU

[sndsys.dig]

;
;Never selected by default
;
;Default I/O parms from driver
;

.ND
.IOD

.NAME
Microsoft(R) Windows(TM) Sound System or 100% compatible

.SPECIAL_TEXT
W,hlen Sie diesen Treiber, wenn Ihre Soundkarte zu dem 
Microsoft Windows Sound System kompatibel ist.

Wenn der DMA-Kanal 1 nicht auf der Windows-Sound-System-Karte zur Verf?gung 
steht, m?ssen Sie die Option "Automatische Suche abbrechen und Treiber manuell 
konfigurieren" benutzen, um einen anderen DMA-Kanal zu w,hlen.  Wenn Sie mit 
Windows 95 oder einem anderen Plug-n-Play-System arbeiten, m?ssen Sie eventuell 
im Datei-Manager nachsehen, welche I/O-Adresse Ihre Windows-Sound-System-Karte 
hat.
.END_SPECIAL_TEXT

;UUUUUUUUUUUUUUUUUUUUUUUUUUUUUUUUUUUUUUUUUUUUUUUUUUUUUUUUUUUUUUUUUUUUUUUUUUUU

[adrv688.dig]

;
;Never selected by default
;
;Default I/O parms from driver
;

.ND
.IOD

.NAME
ESS Technology ES688 Digital Audio

.SPECIAL_TEXT
Dieser Treiber unterst?tzt Systeme, die mit dem Chipsatz ES688 von 
ESS Technology ausgestattet sind.
.END_SPECIAL_TEXT

;UUUUUUUUUUUUUUUUUUUUUUUUUUUUUUUUUUUUUUUUUUUUUUUUUUUUUUUUUUUUUUUUUUUUUUUUUUUU

[mpu401.mdi]

;
;Never selected by default
;
;Default I/O parms from driver
;

.ND
.IOD

.SPECIAL_TEXT
Die meisten General-MIDI-Synthesizer unterst?tzen den Roland MPU-401 MIDI-
Hardware-Interface-Standard. Hierzu geh"ren Roland Sound Canvas, RAP-10 
und kompatible sowie zus,tzliche Aufsteckboards f?r die SoundBlaster-
16-Familie.  MPU-401-Ger,te bieten im allgemeinen ein H"chstma  an Leistung     
und die beste erh,ltliche Sound-Qualit,t, doch Benutzer der Adaptec-SCSI-  
Steuerung k"nnten eventuell den Wunsch haben, die Option "Automatische Suche 
abbrechen und Treiber manuell konfigurieren" aus dem n,chsten Men? zu w,hlen, 
um die Wahrscheinlichkeit von Problemen bei der MPU-401-Erkennung zu reduzieren. 
Wenn Sie einen Creative Labs AWE-32 haben, sollten Sie statt dessen "Creative Labs 
AWE-32(TM) General MIDI" w,hlen.
.END_SPECIAL_TEXT

;UUUUUUUUUUUUUUUUUUUUUUUUUUUUUUUUUUUUUUUUUUUUUUUUUUUUUUUUUUUUUUUUUUUUUUUUUUUU

[sndscape.mdi]

;
;Selected by default if environment contains SNDSCAPE variable
;
;Default I/O parms from driver
;

.E SNDSCAPE
.IOD

.NAME
Ensoniq SoundScape(TM) General MIDI

.SPECIAL_TEXT
W,hlen Sie diesen Treiber, wenn Sie eine Ensoniq-SoundScape(TM)- 
oder kompatible Soundkarte haben.
.END_SPECIAL_TEXT

;UUUUUUUUUUUUUUUUUUUUUUUUUUUUUUUUUUUUUUUUUUUUUUUUUUUUUUUUUUUUUUUUUUUUUUUUUUUU

[ultra.mdi]

;
;Selected by default if environment contains ULTRASND variable
;
;Default I/O parms from driver
;

.E ULTRASND
.IOD

.SPECIAL_TEXT
Wenn Sie mit diesem Treiber arbeiten, stellen Sie sicher, da  keine 
Gravis-Utilities, wie z.B. SBOS, UltraMID oder Mega-Em, aktiv sind. 
Ihre Ultra-Sound-System-Software sollte mindestens Version 2.0 sein.
.END_SPECIAL_TEXT

;UUUUUUUUUUUUUUUUUUUUUUUUUUUUUUUUUUUUUUUUUUUUUUUUUUUUUUUUUUUUUUUUUUUUUUUUUUUU

[sbawe32.mdi]

;
;Selected by default if AUTOEXEC contains AWEUTIL string
;
;Default I/O parms from driver
;

.A AWEUTIL
.IOD

.NAME
Creative Labs AWE-32(TM) General MIDI

.SPECIAL_TEXT
Dieser Treiber bietet eine General-MIDI-Musikwiedergabe in Wavetable-Qualit,t 
mit der Creative-Labs-AWE-32-Karte. Der Treiber f?r Creative Labs SoundBlaster 16 oder AWE32
sollte f?r digitalen Sound gew,hlt werden.
.END_SPECIAL_TEXT

;UUUUUUUUUUUUUUUUUUUUUUUUUUUUUUUUUUUUUUUUUUUUUUUUUUUUUUUUUUUUUUUUUUUUUUUUUUUU

[sblaster.mdi]

;
;Selected by default if BLASTER variable is of type T1 or T3 (or no T 
;specifier), and no other "clone" variable exists (ULTRASND, MVSOUND, etc.)
;
;Default I/O parms from BLASTER (A only)
;

.E BLASTER
.T1
.NE ULTRASND
.NE SNDSCAPE
.NC MVSOUND.SYS
.IOB
.IOA

.SPECIAL_TEXT
Dieser Treiber kann mit jeder SoundBlaster-kompatiblen FM-Musik- 
Synthesizer-Karte benutzt werden, die nicht auf TSRs f?r SoundBlaster-
FM-Kompatibilit,t angewiesen ist. Benutzer von h"her entwickelten,  
auf General-MIDI basierenden Karten sollten den SoundBlaster-Treiber nur  
dann w,hlen, wenn Probleme mit dem General-MIDI-Treiber der Karte auftreten, 
da der ,ltere SoundBlaster-OPL-2-Chipsatz nicht die hohe Sound-Qualit,t 
bietet, die bei moderneren Ger,ten zur Verf?gung steht.
.END_SPECIAL_TEXT

;UUUUUUUUUUUUUUUUUUUUUUUUUUUUUUUUUUUUUUUUUUUUUUUUUUUUUUUUUUUUUUUUUUUUUUUUUUUU

[sbpro2.mdi]

;
;Selected by default if BLASTER variable is of type T6 or >, and AUTOEXEC does
;not contain AWEUTIL string
;
;Default I/O parms from BLASTER (A only)
;

.E BLASTER
.T3
.NE ULTRASND
.NE SNDSCAPE
.NC MVSOUND.SYS
.NA AWEUTIL
.IOB
.IOA

.NAME
Creative Labs Sound Blaster(TM) 16

.SPECIAL_TEXT
Dieser Treiber ist f?r den Gebrauch mit SoundBlaster-16-Karten entwickelt 
worden, die nicht mit General-MIDI-Aufsteckboards ausger?stet sind, wie z.B.
der Wave Blaster.

Obwohl AWE-32 auch durch den SoundBlaster-16-Treiber unterst?tzt 
werden kann, sollten AWE-32-Benutzer den Creative Labs AWE-32(TM) 
General MIDI-Treiber w,hlen, um optimale Sound-Qualit,t zu erhalten.  
.END_SPECIAL_TEXT

;UUUUUUUUUUUUUUUUUUUUUUUUUUUUUUUUUUUUUUUUUUUUUUUUUUUUUUUUUUUUUUUUUUUUUUUUUUUU

[sbpro2.mdi]

;
;Selected by default if BLASTER variable is of type T2, T4, or T5,
;no other "clone" variable exists, and inp(388) == 0x00
;
;Default I/O parms from BLASTER (A only)
;

.E BLASTER
.T2
.NE ULTRASND
.NE SNDSCAPE
.NC MVSOUND.SYS
.IOB
.IOA

.SPECIAL_TEXT
Wenn Ihr SoundBlaster Pro ein aktuelles Modell ist, das mit dem Yamaha-
OPL-3-Synthesizer ausgestattet ist, oder wenn Ihre Musik mit dem anderen
SoundBlaster-Pro-Treiber nicht richtig klingt, sollten Sie diese Option w,hlen.
.END_SPECIAL_TEXT

;UUUUUUUUUUUUUUUUUUUUUUUUUUUUUUUUUUUUUUUUUUUUUUUUUUUUUUUUUUUUUUUUUUUUUUUUUUUU

[sbpro1.mdi]

;
;Selected by default if BLASTER variable is of type T2, T4, or T5,
;no other "clone" variable exists, and inp(388) == 0x06
;
;Default I/O parms from BLASTER (A only)
;

.E BLASTER
.T2
.NE ULTRASND
.NE SNDSCAPE
.NC MVSOUND.SYS
.IOB
.IOA

.SPECIAL_TEXT
Benutzer von fr?heren Versionen der SoundBlaster-Pro-Karte k"nnen  
18-Stimmen-, 2-Operator-FM-Stereo-Musik h"ren, wenn sie diesen Treiber
w,hlen. Jedoch benutzen die meisten SoundBlaster-Pro-Karten und kompatible, 
wie z.B. der SoundBlaster 16, den leistungsst,rkeren OPL-3-Chipsatz. Mit
diesen neueren Karten sollten Sie statt dessen den "Creative Labs SoundBlaster 
Pro(TM) (neue Version)"-Treiber w,hlen.
.END_SPECIAL_TEXT

;UUUUUUUUUUUUUUUUUUUUUUUUUUUUUUUUUUUUUUUUUUUUUUUUUUUUUUUUUUUUUUUUUUUUUUUUUUUU

[pas.mdi]

;
;Selected by default if MVSOUND exists in CONFIG.SYS, and inp(388) == 0x06
;
;No configuration allowed
;

.C MVSOUND.SYS
.ION

.SPECIAL_TEXT
Nur Benutzer der ersten Pro-Audio-Spectrum-Karten von Media Vision
sollten diesen Treiber w,hlen. Das Media-Vision-Utility MVSOUND.SYS 
mu  in den Speicher geladen werden, damit Ihre Karte erkannt werden kann.
.END_SPECIAL_TEXT

;UUUUUUUUUUUUUUUUUUUUUUUUUUUUUUUUUUUUUUUUUUUUUUUUUUUUUUUUUUUUUUUUUUUUUUUUUUUU

[pasplus.mdi]

;
;Selected by default if MVSOUND exists in CONFIG.SYS, and inp(388) == 0x00
;
;No configuration allowed
;

.C MVSOUND.SYS
.ION

.SPECIAL_TEXT
Benutzer der Media-Vision-Pro-Audio-Spectrum-Plus- und Pro-Audio-Spectrum-
16-Karten sollten diesen Treiber w,hlen. Das Media-Vision-Utility MVSOUND.SYS 
mu  in den Speicher geladen werden, damit Ihre Karte erkannt werden kann.
.END_SPECIAL_TEXT

;UUUUUUUUUUUUUUUUUUUUUUUUUUUUUUUUUUUUUUUUUUUUUUUUUUUUUUUUUUUUUUUUUUUUUUUUUUUU

[adlibg.mdi]

;
;Selected by default if GOLD variable exists in AUTOEXEC.BAT
;
;Default I/O parms from driver  
;

.E GOLD
.IOD

.SPECIAL_TEXT
Dieser Treiber unterst?tzt die Ad-Lib-Gold-Musik-Synthesizer-Karte
im 4-Operator-FM-Modus.
.END_SPECIAL_TEXT

;UUUUUUUUUUUUUUUUUUUUUUUUUUUUUUUUUUUUUUUUUUUUUUUUUUUUUUUUUUUUUUUUUUUUUUUUUUUU

[adlib.mdi]

;
;Never selected by default
;
;No configuration -- always at $388
;

.ND
.ION

.SPECIAL_TEXT
Dieser Treiber kann mit jeder Ad-Lib-kompatiblen FM-Musik- 
Synthesizer-Karte benutzt werden, die nicht auf TSRs f?r Ad-Lib- 
FM-Kompatibilit,t angewiesen ist. Benutzer von h"her entwickelten,
auf General MIDI basierenden Karten sollten den Ad-Lib-Treiber nur
dann w,hlen, wenn Probleme mit dem General-MIDI-Treiber der Karte 
auftreten, da der ,ltere Ad Lib OPL-2 nicht die hohe Sound-Qualit,t  
bietet, die bei moderneren Ger,ten zur Verf?gung steht.
.END_SPECIAL_TEXT

;UUUUUUUUUUUUUUUUUUUUUUUUUUUUUUUUUUUUUUUUUUUUUUUUUUUUUUUUUUUUUUUUUUUUUUUUUUUU

[opl3.mdi]

;
;Never selected by default
;
;No configuration -- always at $388
;

.ND
.ION

.NAME
ESS Technology ES688 FM Audio

.SPECIAL_TEXT
Dieser Treiber unterst?tzt Systeme, die mit dem ES688-Chipsatz von 
ESS Technology ausgestattet sind.
.END_SPECIAL_TEXT

;UUUUUUUUUUUUUUUUUUUUUUUUUUUUUUUUUUUUUUUUUUUUUUUUUUUUUUUUUUUUUUUUUUUUUUUUUUUU

[esfm.mdi]

;
;Never selected by default
;
;Configuration from driver
;

.ND
.IOD

.NAME
ESS Technology ES1688, ES1788, ES1888 Enhanced FM Audio

.SPECIAL_TEXT
Dieser Treiber unterst?tzt Systeme, die mit ES1688-, ES1788- 
oder ES1888-Chips von ESS Technology ausgestattet sind. Durch
diesen Treiber steht eine verbesserte Musik-Leistung zur Verf?gung. 
Sollten Probleme auftreten, w,hlen Sie statt dessen den 'ESS Technology
ES688 FM Audio'-Treiber.
.END_SPECIAL_TEXT

;UUUUUUUUUUUUUUUUUUUUUUUUUUUUUUUUUUUUUUUUUUUUUUUUUUUUUUUUUUUUUUUUUUUUUUUUUUUU

[opl3.mdi]

;
;Never selected by default
;
;No configuration -- always at $388
;

.ND
.ION

.SPECIAL_TEXT
Dieser Treiber kann mit allen auf OPL-3 basierenden Yamaha-FM-Musik-Synthesizern
verwendet werden, auch mit denen, die von keinem Treiber der Liste unterst?tzt werden.
.END_SPECIAL_TEXT

;UUUUUUUUUUUUUUUUUUUUUUUUUUUUUUUUUUUUUUUUUUUUUUUUUUUUUUUUUUUUUUUUUUUUUUUUUUUU

[mt32mpu.mdi]

;
;Never selected by default
;
;Default I/O parms from driver
;

.ND
.IOD

.SPECIAL_TEXT
Obwohl die Roland MT-32 nicht General-MIDI-kompatibel ist, benutzt sie
den MPU-401-Hardware-Interface-Standard, um mit Anwendungen zusammenzuarbeiten. 
MT-32-Besitzer, die die Adaptec-SCSI-Steuerung benutzen, k"nnten den Wunsch haben,  
die Option "Automatische Suche abbrechen und Treiber manuell konfigurieren"
aus dem n,chsten Men? zu w,hlen, um die Wahrscheinlichkeit von Problemen bei der 
MPU-401-Erkennung zu reduzieren.
.END_SPECIAL_TEXT

;UUUUUUUUUUUUUUUUUUUUUUUUUUUUUUUUUUUUUUUUUUUUUUUUUUUUUUUUUUUUUUUUUUUUUUUUUUUU

[tandy.mdi]

;
;Never selected by default
;
;No configuration allowed
;

.ND
.ION

.SPECIAL_TEXT
Durch diesen Treiber steht eine Tandy-1000-kompatible 3-Stimmen-Musik-Unterst?tzung zur Verf?gung.
.END_SPECIAL_TEXT

;UUUUUUUUUUUUUUUUUUUUUUUUUUUUUUUUUUUUUUUUUUUUUUUUUUUUUUUUUUUUUUUUUUUUUUUUUUUU

[pcspkr.mdi]

;
;Never selected by default
;
;No configuration allowed
;

.ND
.ION

.SPECIAL_TEXT
IBM-PC-interne Lautsprecher-(1-Stimmen)-Musik-Unterst?tzung steht durch diesen
Treiber zur Verf?gung, der eine extrem niedrige Qualit,t der Musikwiedergabe bietet.
.END_SPECIAL_TEXT

